<?php return array (
  0 => 'Symfony\\Bundle\\FrameworkBundle\\Controller\\AbstractController',
  1 => 'Doctrine\\Bundle\\DoctrineBundle\\Controller\\ProfilerController',
  2 => 'Doctrine\\ORM\\Cache\\Persister\\Entity\\AbstractEntityPersister',
  3 => 'Doctrine\\ORM\\Cache\\Persister\\Entity\\CachedEntityPersister',
  4 => 'Doctrine\\ORM\\Cache\\Persister\\Entity\\NonStrictReadWriteCachedEntityPersister',
  5 => 'Doctrine\\ORM\\Cache\\Persister\\Entity\\ReadOnlyCachedEntityPersister',
  6 => 'Doctrine\\ORM\\Cache\\Persister\\Entity\\ReadWriteCachedEntityPersister',
  7 => 'Doctrine\\ORM\\Persisters\\Entity\\AbstractEntityInheritancePersister',
  8 => 'Doctrine\\ORM\\Persisters\\Entity\\BasicEntityPersister',
  9 => 'Doctrine\\ORM\\Persisters\\Entity\\CachedPersisterContext',
  10 => 'Doctrine\\ORM\\Persisters\\Entity\\EntityPersister',
  11 => 'Doctrine\\ORM\\Persisters\\Entity\\JoinedSubclassPersister',
  12 => 'Doctrine\\ORM\\Persisters\\Entity\\SingleTablePersister',
  13 => 'FOS\\JsRoutingBundle\\Controller\\Controller',
  14 => 'FOS\\RestBundle\\Controller\\AbstractFOSRestController',
  15 => 'FOS\\RestBundle\\Controller\\Annotations\\AbstractParam',
  16 => 'FOS\\RestBundle\\Controller\\Annotations\\AbstractScalarParam',
  17 => 'FOS\\RestBundle\\Controller\\Annotations\\Copy',
  18 => 'FOS\\RestBundle\\Controller\\Annotations\\Delete',
  19 => 'FOS\\RestBundle\\Controller\\Annotations\\FileParam',
  20 => 'FOS\\RestBundle\\Controller\\Annotations\\Get',
  21 => 'FOS\\RestBundle\\Controller\\Annotations\\Head',
  22 => 'FOS\\RestBundle\\Controller\\Annotations\\Link',
  23 => 'FOS\\RestBundle\\Controller\\Annotations\\Lock',
  24 => 'FOS\\RestBundle\\Controller\\Annotations\\Mkcol',
  25 => 'FOS\\RestBundle\\Controller\\Annotations\\Move',
  26 => 'FOS\\RestBundle\\Controller\\Annotations\\Options',
  27 => 'FOS\\RestBundle\\Controller\\Annotations\\ParamInterface',
  28 => 'FOS\\RestBundle\\Controller\\Annotations\\Patch',
  29 => 'FOS\\RestBundle\\Controller\\Annotations\\Post',
  30 => 'FOS\\RestBundle\\Controller\\Annotations\\PropFind',
  31 => 'FOS\\RestBundle\\Controller\\Annotations\\PropPatch',
  32 => 'FOS\\RestBundle\\Controller\\Annotations\\Put',
  33 => 'FOS\\RestBundle\\Controller\\Annotations\\QueryParam',
  34 => 'FOS\\RestBundle\\Controller\\Annotations\\RequestParam',
  35 => 'FOS\\RestBundle\\Controller\\Annotations\\Route',
  36 => 'FOS\\RestBundle\\Controller\\Annotations\\Unlink',
  37 => 'FOS\\RestBundle\\Controller\\Annotations\\Unlock',
  38 => 'FOS\\RestBundle\\Controller\\Annotations\\View',
  39 => 'FOS\\RestBundle\\Controller\\ControllerTrait',
  40 => 'Gedmo\\Loggable\\Entity\\LogEntry',
  41 => 'Gedmo\\Loggable\\Entity\\MappedSuperclass\\AbstractLogEntry',
  42 => 'Gedmo\\Loggable\\Entity\\Repository\\LogEntryRepository',
  43 => 'Gedmo\\Sortable\\Entity\\Repository\\SortableRepository',
  44 => 'Gedmo\\Translatable\\Entity\\MappedSuperclass\\AbstractPersonalTranslation',
  45 => 'Gedmo\\Translatable\\Entity\\MappedSuperclass\\AbstractTranslation',
  46 => 'Gedmo\\Translatable\\Entity\\Repository\\TranslationRepository',
  47 => 'Gedmo\\Translatable\\Entity\\Translation',
  48 => 'Gedmo\\Translator\\Entity\\Translation',
  49 => 'Gedmo\\Tree\\Entity\\MappedSuperclass\\AbstractClosure',
  50 => 'Gedmo\\Tree\\Entity\\Repository\\AbstractTreeRepository',
  51 => 'Gedmo\\Tree\\Entity\\Repository\\ClosureTreeRepository',
  52 => 'Gedmo\\Tree\\Entity\\Repository\\MaterializedPathRepository',
  53 => 'Gedmo\\Tree\\Entity\\Repository\\NestedTreeRepository',
  54 => 'HandcraftedInTheAlps\\RestRoutingBundle\\Controller\\Annotations\\NamePrefix',
  55 => 'HandcraftedInTheAlps\\RestRoutingBundle\\Controller\\Annotations\\NoRoute',
  56 => 'HandcraftedInTheAlps\\RestRoutingBundle\\Controller\\Annotations\\Prefix',
  57 => 'HandcraftedInTheAlps\\RestRoutingBundle\\Controller\\Annotations\\RouteResource',
  58 => 'HandcraftedInTheAlps\\RestRoutingBundle\\Controller\\Annotations\\Version',
  59 => 'Sulu\\Bundle\\ActivityBundle\\UserInterface\\Controller\\ActivityController',
  60 => 'Sulu\\Bundle\\AdminBundle\\Controller\\AdminController',
  61 => 'Sulu\\Bundle\\AdminBundle\\Controller\\CollaborationController',
  62 => 'Sulu\\Bundle\\AdminBundle\\Entity\\Collaboration',
  63 => 'Sulu\\Bundle\\AdminBundle\\Entity\\CollaborationRepository',
  64 => 'Sulu\\Bundle\\AudienceTargetingBundle\\Controller\\TargetGroupController',
  65 => 'Sulu\\Bundle\\AudienceTargetingBundle\\Controller\\TargetGroupEvaluationController',
  66 => 'Sulu\\Bundle\\AudienceTargetingBundle\\Entity\\TargetGroup',
  67 => 'Sulu\\Bundle\\AudienceTargetingBundle\\Entity\\TargetGroupCondition',
  68 => 'Sulu\\Bundle\\AudienceTargetingBundle\\Entity\\TargetGroupConditionInterface',
  69 => 'Sulu\\Bundle\\AudienceTargetingBundle\\Entity\\TargetGroupConditionRepository',
  70 => 'Sulu\\Bundle\\AudienceTargetingBundle\\Entity\\TargetGroupConditionRepositoryInterface',
  71 => 'Sulu\\Bundle\\AudienceTargetingBundle\\Entity\\TargetGroupInterface',
  72 => 'Sulu\\Bundle\\AudienceTargetingBundle\\Entity\\TargetGroupRepository',
  73 => 'Sulu\\Bundle\\AudienceTargetingBundle\\Entity\\TargetGroupRepositoryInterface',
  74 => 'Sulu\\Bundle\\AudienceTargetingBundle\\Entity\\TargetGroupRule',
  75 => 'Sulu\\Bundle\\AudienceTargetingBundle\\Entity\\TargetGroupRuleInterface',
  76 => 'Sulu\\Bundle\\AudienceTargetingBundle\\Entity\\TargetGroupRuleRepository',
  77 => 'Sulu\\Bundle\\AudienceTargetingBundle\\Entity\\TargetGroupRuleRepositoryInterface',
  78 => 'Sulu\\Bundle\\AudienceTargetingBundle\\Entity\\TargetGroupWebspace',
  79 => 'Sulu\\Bundle\\AudienceTargetingBundle\\Entity\\TargetGroupWebspaceInterface',
  80 => 'Sulu\\Bundle\\AudienceTargetingBundle\\Entity\\TargetGroupWebspaceRepository',
  81 => 'Sulu\\Bundle\\AudienceTargetingBundle\\Entity\\TargetGroupWebspaceRepositoryInterface',
  82 => 'Sulu\\Bundle\\CategoryBundle\\Controller\\CategoryController',
  83 => 'Sulu\\Bundle\\CategoryBundle\\Controller\\KeywordController',
  84 => 'Sulu\\Bundle\\CategoryBundle\\Entity\\Category',
  85 => 'Sulu\\Bundle\\CategoryBundle\\Entity\\CategoryInterface',
  86 => 'Sulu\\Bundle\\CategoryBundle\\Entity\\CategoryMeta',
  87 => 'Sulu\\Bundle\\CategoryBundle\\Entity\\CategoryMetaInterface',
  88 => 'Sulu\\Bundle\\CategoryBundle\\Entity\\CategoryMetaRepository',
  89 => 'Sulu\\Bundle\\CategoryBundle\\Entity\\CategoryMetaRepositoryInterface',
  90 => 'Sulu\\Bundle\\CategoryBundle\\Entity\\CategoryRepository',
  91 => 'Sulu\\Bundle\\CategoryBundle\\Entity\\CategoryRepositoryInterface',
  92 => 'Sulu\\Bundle\\CategoryBundle\\Entity\\CategoryTranslation',
  93 => 'Sulu\\Bundle\\CategoryBundle\\Entity\\CategoryTranslationInterface',
  94 => 'Sulu\\Bundle\\CategoryBundle\\Entity\\CategoryTranslationMedia',
  95 => 'Sulu\\Bundle\\CategoryBundle\\Entity\\CategoryTranslationRepository',
  96 => 'Sulu\\Bundle\\CategoryBundle\\Entity\\CategoryTranslationRepositoryInterface',
  97 => 'Sulu\\Bundle\\CategoryBundle\\Entity\\Keyword',
  98 => 'Sulu\\Bundle\\CategoryBundle\\Entity\\KeywordInterface',
  99 => 'Sulu\\Bundle\\CategoryBundle\\Entity\\KeywordRepository',
  100 => 'Sulu\\Bundle\\CategoryBundle\\Entity\\KeywordRepositoryInterface',
  101 => 'Sulu\\Bundle\\ContactBundle\\Controller\\AbstractMediaController',
  102 => 'Sulu\\Bundle\\ContactBundle\\Controller\\AccountController',
  103 => 'Sulu\\Bundle\\ContactBundle\\Controller\\AccountMediaController',
  104 => 'Sulu\\Bundle\\ContactBundle\\Controller\\ContactController',
  105 => 'Sulu\\Bundle\\ContactBundle\\Controller\\ContactMediaController',
  106 => 'Sulu\\Bundle\\ContactBundle\\Controller\\ContactTitleController',
  107 => 'Sulu\\Bundle\\ContactBundle\\Controller\\PositionController',
  108 => 'Sulu\\Bundle\\ContactBundle\\Entity\\Account',
  109 => 'Sulu\\Bundle\\ContactBundle\\Entity\\AccountAddress',
  110 => 'Sulu\\Bundle\\ContactBundle\\Entity\\AccountAddressRepository',
  111 => 'Sulu\\Bundle\\ContactBundle\\Entity\\AccountContact',
  112 => 'Sulu\\Bundle\\ContactBundle\\Entity\\AccountContactRepository',
  113 => 'Sulu\\Bundle\\ContactBundle\\Entity\\AccountInterface',
  114 => 'Sulu\\Bundle\\ContactBundle\\Entity\\AccountRepository',
  115 => 'Sulu\\Bundle\\ContactBundle\\Entity\\AccountRepositoryInterface',
  116 => 'Sulu\\Bundle\\ContactBundle\\Entity\\Address',
  117 => 'Sulu\\Bundle\\ContactBundle\\Entity\\AddressRepository',
  118 => 'Sulu\\Bundle\\ContactBundle\\Entity\\AddressType',
  119 => 'Sulu\\Bundle\\ContactBundle\\Entity\\AddressTypeRepository',
  120 => 'Sulu\\Bundle\\ContactBundle\\Entity\\BankAccount',
  121 => 'Sulu\\Bundle\\ContactBundle\\Entity\\Contact',
  122 => 'Sulu\\Bundle\\ContactBundle\\Entity\\ContactAddress',
  123 => 'Sulu\\Bundle\\ContactBundle\\Entity\\ContactAddressRepository',
  124 => 'Sulu\\Bundle\\ContactBundle\\Entity\\ContactInterface',
  125 => 'Sulu\\Bundle\\ContactBundle\\Entity\\ContactLocale',
  126 => 'Sulu\\Bundle\\ContactBundle\\Entity\\ContactRepository',
  127 => 'Sulu\\Bundle\\ContactBundle\\Entity\\ContactRepositoryInterface',
  128 => 'Sulu\\Bundle\\ContactBundle\\Entity\\ContactTitle',
  129 => 'Sulu\\Bundle\\ContactBundle\\Entity\\ContactTitleRepository',
  130 => 'Sulu\\Bundle\\ContactBundle\\Entity\\Country',
  131 => 'Sulu\\Bundle\\ContactBundle\\Entity\\Email',
  132 => 'Sulu\\Bundle\\ContactBundle\\Entity\\EmailType',
  133 => 'Sulu\\Bundle\\ContactBundle\\Entity\\EmailTypeRepository',
  134 => 'Sulu\\Bundle\\ContactBundle\\Entity\\Fax',
  135 => 'Sulu\\Bundle\\ContactBundle\\Entity\\FaxType',
  136 => 'Sulu\\Bundle\\ContactBundle\\Entity\\FaxTypeRepository',
  137 => 'Sulu\\Bundle\\ContactBundle\\Entity\\Note',
  138 => 'Sulu\\Bundle\\ContactBundle\\Entity\\Phone',
  139 => 'Sulu\\Bundle\\ContactBundle\\Entity\\PhoneType',
  140 => 'Sulu\\Bundle\\ContactBundle\\Entity\\PhoneTypeRepository',
  141 => 'Sulu\\Bundle\\ContactBundle\\Entity\\Position',
  142 => 'Sulu\\Bundle\\ContactBundle\\Entity\\PositionRepository',
  143 => 'Sulu\\Bundle\\ContactBundle\\Entity\\SocialMediaProfile',
  144 => 'Sulu\\Bundle\\ContactBundle\\Entity\\SocialMediaProfileType',
  145 => 'Sulu\\Bundle\\ContactBundle\\Entity\\SocialMediaProfileTypeRepository',
  146 => 'Sulu\\Bundle\\ContactBundle\\Entity\\Url',
  147 => 'Sulu\\Bundle\\ContactBundle\\Entity\\UrlType',
  148 => 'Sulu\\Bundle\\ContactBundle\\Entity\\UrlTypeRepository',
  149 => 'Sulu\\Bundle\\CoreBundle\\Controller\\LocalizationController',
  150 => 'Sulu\\Bundle\\CoreBundle\\Entity\\ApiEntity',
  151 => 'Sulu\\Bundle\\CoreBundle\\Entity\\ApiEntityWrapper',
  152 => 'Sulu\\Bundle\\CustomUrlBundle\\Controller\\CustomUrlController',
  153 => 'Sulu\\Bundle\\CustomUrlBundle\\Controller\\CustomUrlRouteController',
  154 => 'Sulu\\Bundle\\LocationBundle\\Controller\\GeolocatorController',
  155 => 'Sulu\\Bundle\\MediaBundle\\Controller\\AbstractMediaController',
  156 => 'Sulu\\Bundle\\MediaBundle\\Controller\\CollectionController',
  157 => 'Sulu\\Bundle\\MediaBundle\\Controller\\FormatController',
  158 => 'Sulu\\Bundle\\MediaBundle\\Controller\\MediaController',
  159 => 'Sulu\\Bundle\\MediaBundle\\Controller\\MediaFormatController',
  160 => 'Sulu\\Bundle\\MediaBundle\\Controller\\MediaPreviewController',
  161 => 'Sulu\\Bundle\\MediaBundle\\Controller\\MediaRedirectController',
  162 => 'Sulu\\Bundle\\MediaBundle\\Controller\\MediaStreamController',
  163 => 'Sulu\\Bundle\\MediaBundle\\Entity\\Collection',
  164 => 'Sulu\\Bundle\\MediaBundle\\Entity\\CollectionInterface',
  165 => 'Sulu\\Bundle\\MediaBundle\\Entity\\CollectionMeta',
  166 => 'Sulu\\Bundle\\MediaBundle\\Entity\\CollectionRepository',
  167 => 'Sulu\\Bundle\\MediaBundle\\Entity\\CollectionRepositoryInterface',
  168 => 'Sulu\\Bundle\\MediaBundle\\Entity\\CollectionType',
  169 => 'Sulu\\Bundle\\MediaBundle\\Entity\\File',
  170 => 'Sulu\\Bundle\\MediaBundle\\Entity\\FileRepository',
  171 => 'Sulu\\Bundle\\MediaBundle\\Entity\\FileVersion',
  172 => 'Sulu\\Bundle\\MediaBundle\\Entity\\FileVersionContentLanguage',
  173 => 'Sulu\\Bundle\\MediaBundle\\Entity\\FileVersionMeta',
  174 => 'Sulu\\Bundle\\MediaBundle\\Entity\\FileVersionMetaRepository',
  175 => 'Sulu\\Bundle\\MediaBundle\\Entity\\FileVersionMetaRepositoryInterface',
  176 => 'Sulu\\Bundle\\MediaBundle\\Entity\\FileVersionPublishLanguage',
  177 => 'Sulu\\Bundle\\MediaBundle\\Entity\\FormatOptions',
  178 => 'Sulu\\Bundle\\MediaBundle\\Entity\\Media',
  179 => 'Sulu\\Bundle\\MediaBundle\\Entity\\MediaDataProviderRepository',
  180 => 'Sulu\\Bundle\\MediaBundle\\Entity\\MediaInterface',
  181 => 'Sulu\\Bundle\\MediaBundle\\Entity\\MediaRepository',
  182 => 'Sulu\\Bundle\\MediaBundle\\Entity\\MediaRepositoryInterface',
  183 => 'Sulu\\Bundle\\MediaBundle\\Entity\\MediaType',
  184 => 'Sulu\\Bundle\\PageBundle\\Controller\\PageController',
  185 => 'Sulu\\Bundle\\PageBundle\\Controller\\PageResourcelocatorController',
  186 => 'Sulu\\Bundle\\PageBundle\\Controller\\ResourcelocatorController',
  187 => 'Sulu\\Bundle\\PageBundle\\Controller\\SmartContentItemController',
  188 => 'Sulu\\Bundle\\PageBundle\\Controller\\TeaserController',
  189 => 'Sulu\\Bundle\\PageBundle\\Controller\\VersionController',
  190 => 'Sulu\\Bundle\\PageBundle\\Controller\\WebspaceController',
  191 => 'Sulu\\Bundle\\PageBundle\\Controller\\WebspaceLocalizationController',
  192 => 'Sulu\\Bundle\\PreviewBundle\\UserInterface\\Controller\\PreviewController',
  193 => 'Sulu\\Bundle\\PreviewBundle\\UserInterface\\Controller\\PreviewLinkController',
  194 => 'Sulu\\Bundle\\PreviewBundle\\UserInterface\\Controller\\PublicPreviewController',
  195 => 'Sulu\\Bundle\\RouteBundle\\Controller\\RouteController',
  196 => 'Sulu\\Bundle\\RouteBundle\\Entity\\Route',
  197 => 'Sulu\\Bundle\\RouteBundle\\Entity\\RouteRepository',
  198 => 'Sulu\\Bundle\\RouteBundle\\Entity\\RouteRepositoryInterface',
  199 => 'Sulu\\Bundle\\SearchBundle\\Controller\\SearchController',
  200 => 'Sulu\\Bundle\\SearchBundle\\Controller\\WebsiteSearchController',
  201 => 'Sulu\\Bundle\\SecurityBundle\\Controller\\ContextsController',
  202 => 'Sulu\\Bundle\\SecurityBundle\\Controller\\GroupController',
  203 => 'Sulu\\Bundle\\SecurityBundle\\Controller\\PermissionController',
  204 => 'Sulu\\Bundle\\SecurityBundle\\Controller\\ProfileController',
  205 => 'Sulu\\Bundle\\SecurityBundle\\Controller\\ResettingController',
  206 => 'Sulu\\Bundle\\SecurityBundle\\Controller\\RoleController',
  207 => 'Sulu\\Bundle\\SecurityBundle\\Controller\\RoleSettingController',
  208 => 'Sulu\\Bundle\\SecurityBundle\\Controller\\UserController',
  209 => 'Sulu\\Bundle\\SecurityBundle\\Entity\\AccessControl',
  210 => 'Sulu\\Bundle\\SecurityBundle\\Entity\\AccessControlRepository',
  211 => 'Sulu\\Bundle\\SecurityBundle\\Entity\\Group',
  212 => 'Sulu\\Bundle\\SecurityBundle\\Entity\\GroupRepository',
  213 => 'Sulu\\Bundle\\SecurityBundle\\Entity\\PasswordAuthenticatedUserInterface',
  214 => 'Sulu\\Bundle\\SecurityBundle\\Entity\\Permission',
  215 => 'Sulu\\Bundle\\SecurityBundle\\Entity\\PermissionInheritanceInterface',
  216 => 'Sulu\\Bundle\\SecurityBundle\\Entity\\Role',
  217 => 'Sulu\\Bundle\\SecurityBundle\\Entity\\RoleRepository',
  218 => 'Sulu\\Bundle\\SecurityBundle\\Entity\\RoleSetting',
  219 => 'Sulu\\Bundle\\SecurityBundle\\Entity\\RoleSettingRepository',
  220 => 'Sulu\\Bundle\\SecurityBundle\\Entity\\SecurityType',
  221 => 'Sulu\\Bundle\\SecurityBundle\\Entity\\SecurityTypeRepository',
  222 => 'Sulu\\Bundle\\SecurityBundle\\Entity\\User',
  223 => 'Sulu\\Bundle\\SecurityBundle\\Entity\\UserGroup',
  224 => 'Sulu\\Bundle\\SecurityBundle\\Entity\\UserRepository',
  225 => 'Sulu\\Bundle\\SecurityBundle\\Entity\\UserRole',
  226 => 'Sulu\\Bundle\\SecurityBundle\\Entity\\UserSetting',
  227 => 'Sulu\\Bundle\\SecurityBundle\\Entity\\UserSettingRepository',
  228 => 'Sulu\\Bundle\\SnippetBundle\\Controller\\LanguageController',
  229 => 'Sulu\\Bundle\\SnippetBundle\\Controller\\SnippetAreaController',
  230 => 'Sulu\\Bundle\\SnippetBundle\\Controller\\SnippetController',
  231 => 'Sulu\\Bundle\\TagBundle\\Controller\\Exception\\ConstraintViolationException',
  232 => 'Sulu\\Bundle\\TagBundle\\Controller\\TagController',
  233 => 'Sulu\\Bundle\\TagBundle\\Entity\\Tag',
  234 => 'Sulu\\Bundle\\TagBundle\\Entity\\TagRepository',
  235 => 'Sulu\\Bundle\\TrashBundle\\UserInterface\\Controller\\Admin\\TrashItemController',
  236 => 'Sulu\\Bundle\\WebsiteBundle\\Controller\\AnalyticsController',
  237 => 'Sulu\\Bundle\\WebsiteBundle\\Controller\\CacheController',
  238 => 'Sulu\\Bundle\\WebsiteBundle\\Controller\\DefaultController',
  239 => 'Sulu\\Bundle\\WebsiteBundle\\Controller\\ErrorController',
  240 => 'Sulu\\Bundle\\WebsiteBundle\\Controller\\ExceptionController',
  241 => 'Sulu\\Bundle\\WebsiteBundle\\Controller\\RedirectController',
  242 => 'Sulu\\Bundle\\WebsiteBundle\\Controller\\SegmentController',
  243 => 'Sulu\\Bundle\\WebsiteBundle\\Controller\\SitemapController',
  244 => 'Sulu\\Bundle\\WebsiteBundle\\Controller\\WebsiteController',
  245 => 'Sulu\\Bundle\\WebsiteBundle\\Entity\\Analytics',
  246 => 'Sulu\\Bundle\\WebsiteBundle\\Entity\\AnalyticsInterface',
  247 => 'Sulu\\Bundle\\WebsiteBundle\\Entity\\AnalyticsRepository',
  248 => 'Sulu\\Bundle\\WebsiteBundle\\Entity\\AnalyticsRepositoryInterface',
  249 => 'Sulu\\Bundle\\WebsiteBundle\\Entity\\Domain',
  250 => 'Sulu\\Bundle\\WebsiteBundle\\Entity\\DomainRepository',
  252 => 'Symfony\\Bundle\\FrameworkBundle\\Controller\\ControllerResolver',
  253 => 'Symfony\\Bundle\\FrameworkBundle\\Controller\\RedirectController',
  254 => 'Symfony\\Bundle\\FrameworkBundle\\Controller\\TemplateController',
  255 => 'Symfony\\Bundle\\WebProfilerBundle\\Controller\\ExceptionPanelController',
  256 => 'Symfony\\Bundle\\WebProfilerBundle\\Controller\\ProfilerController',
  257 => 'Symfony\\Bundle\\WebProfilerBundle\\Controller\\RouterController',
  258 => 'Symfony\\Cmf\\Bundle\\RoutingBundle\\Controller\\RedirectController',
  259 => 'Symfony\\Component\\HttpKernel\\Controller\\ArgumentResolver',
  260 => 'Symfony\\Component\\HttpKernel\\Controller\\ArgumentResolverInterface',
  261 => 'Symfony\\Component\\HttpKernel\\Controller\\ArgumentResolver\\DefaultValueResolver',
  262 => 'Symfony\\Component\\HttpKernel\\Controller\\ArgumentResolver\\NotTaggedControllerValueResolver',
  263 => 'Symfony\\Component\\HttpKernel\\Controller\\ArgumentResolver\\RequestAttributeValueResolver',
  264 => 'Symfony\\Component\\HttpKernel\\Controller\\ArgumentResolver\\RequestValueResolver',
  265 => 'Symfony\\Component\\HttpKernel\\Controller\\ArgumentResolver\\ServiceValueResolver',
  266 => 'Symfony\\Component\\HttpKernel\\Controller\\ArgumentResolver\\SessionValueResolver',
  267 => 'Symfony\\Component\\HttpKernel\\Controller\\ArgumentResolver\\TraceableValueResolver',
  268 => 'Symfony\\Component\\HttpKernel\\Controller\\ArgumentResolver\\VariadicValueResolver',
  269 => 'Symfony\\Component\\HttpKernel\\Controller\\ArgumentValueResolverInterface',
  270 => 'Symfony\\Component\\HttpKernel\\Controller\\ContainerControllerResolver',
  271 => 'Symfony\\Component\\HttpKernel\\Controller\\ControllerReference',
  272 => 'Symfony\\Component\\HttpKernel\\Controller\\ControllerResolver',
  273 => 'Symfony\\Component\\HttpKernel\\Controller\\ControllerResolverInterface',
  274 => 'Symfony\\Component\\HttpKernel\\Controller\\ErrorController',
  275 => 'Symfony\\Component\\HttpKernel\\Controller\\TraceableArgumentResolver',
  276 => 'Symfony\\Component\\HttpKernel\\Controller\\TraceableControllerResolver',
  277 => 'Symfony\\Component\\Security\\Http\\Controller\\UserValueResolver',
);